[backblue.gif]
[fade.gif]
[index.html]
[ecsrates.gotquotes.com/js/libs/modernizr.custom.min.js]
[ecsrates.gotquotes.com/js/libs/jquery-1.6.3.min.js]
[ecsrates.gotquotes.com/js/old-browsers.js]
[ecsrates.gotquotes.com/js/libs/jquery.hashchange.js]
[ecsrates.gotquotes.com/js/jquery.accessibleList.js]
[ecsrates.gotquotes.com/js/searchField.js]
[ecsrates.gotquotes.com/js/common.js]
[ecsrates.gotquotes.com/js/standard.js]
[ecsrates.gotquotes.com/js/jquery.tip.js]
[ecsrates.gotquotes.com/js/jquery.contextMenu.js]
[ecsrates.gotquotes.com/js/jquery.modal.js]
[ecsrates.gotquotes.com/js/list.js]
[ecsrates.gotquotes.com/js/libs/jquery.dataTables.min.js]
[ecsrates.gotquotes.com/js/libs/jquery.datepick/jquery.datepick.min.js]
[ecsrates.gotquotes.com/js/jquery.formvalidation.js]
[ecsrates.gotquotes.com/js/libs/chart/highcharts.js]
[ecsrates.gotquotes.com/js/jquery.base64.js]
[ecsrates.gotquotes.com/js/jquery.maskedinput.js]
[ecsrates.gotquotes.com/js/jquery.creditCardValidator.js]
[ecsrates.gotquotes.com/images/icons/fugue/application-search-result.png]
[ecsrates.gotquotes.com/images/icons/fugue/mobile-phone.png]
[ecsrates.gotquotes.com/images/icons/fugue/clipboard-search-result.png]
[ecsrates.gotquotes.com/images/icons/fugue/user.png]
[ecsrates.gotquotes.com/images/icons/fugue/car.png]
[ecsrates.gotquotes.com/index.php/rates/start_quote/8QJuLXiOBU9l8Qdsp9xlEdB8FT9TneU_bp6T0fE67iGivBJXn98ZSgQiqSz_NYO92S6cNnub7BxJPNpmbye6ad.html]
[ecsrates.gotquotes.com/css/reset.css]
[ecsrates.gotquotes.com/images/icons/web-app/48/Info.png]
[ecsrates.gotquotes.com/images/icons/web-app/24/Info.png]
[ecsrates.gotquotes.com/images/old-browsers-bg/dark-grey-gradient-bg.png]
[ecsrates.gotquotes.com/images/old-browsers-bg/lite-grey-gradient-bg.png]
[ecsrates.gotquotes.com/images/old-browsers-bg/title-bg.png]
[ecsrates.gotquotes.com/images/old-browsers-bg/title-red-bg.png]
[ecsrates.gotquotes.com/images/old-browsers-bg/button-bg.png]
[ecsrates.gotquotes.com/images/old-browsers-bg/button-red-bg.png]
[ecsrates.gotquotes.com/images/old-browsers-bg/button-hover-bg.png]
[ecsrates.gotquotes.com/images/old-browsers-bg/button-red-hover-bg.png]
[ecsrates.gotquotes.com/images/old-browsers-bg/legend-bg.png]
[ecsrates.gotquotes.com/images/old-browsers-bg/button-element-bg.png]
[ecsrates.gotquotes.com/images/old-browsers-bg/button-element-hover-bg.png]
[ecsrates.gotquotes.com/images/old-browsers-bg/button-element-active-bg.png]
[ecsrates.gotquotes.com/images/old-browsers-bg/button-element-red-bg.png]
[ecsrates.gotquotes.com/images/old-browsers-bg/button-element-red-hover-bg.png]
[ecsrates.gotquotes.com/images/old-browsers-bg/button-element-red-active-bg.png]
[ecsrates.gotquotes.com/images/old-browsers-bg/button-element-disabled-bg.png]
[ecsrates.gotquotes.com/images/old-browsers-bg/button-element-grey-bg.png]
[ecsrates.gotquotes.com/images/old-browsers-bg/button-element-grey-hover-bg.png]
[ecsrates.gotquotes.com/images/old-browsers-bg/button-element-grey-active-bg.png]
[ecsrates.gotquotes.com/images/old-browsers-bg/content-dark-bg.png]
[ecsrates.gotquotes.com/images/old-browsers-bg/white20.png]
[ecsrates.gotquotes.com/images/old-browsers-bg/block-header-bg.png]
[ecsrates.gotquotes.com/images/old-browsers-bg/block-header-red-bg.png]
[ecsrates.gotquotes.com/images/old-browsers-bg/block-controls-bg.png]
[ecsrates.gotquotes.com/images/controls-bt-sep.png]
[ecsrates.gotquotes.com/images/old-browsers-bg/controls-bt-bg.png]
[ecsrates.gotquotes.com/images/icons/fugue/control-double-180.png]
[ecsrates.gotquotes.com/images/icons/fugue/control-180.png]
[ecsrates.gotquotes.com/images/icons/fugue/control.png]
[ecsrates.gotquotes.com/images/icons/fugue/control-double.png]
[ecsrates.gotquotes.com/images/old-browsers-bg/block-control-hover-bg.png]
[ecsrates.gotquotes.com/images/controls-tabs-bg.png]
[ecsrates.gotquotes.com/images/old-browsers-bg/block-footer-bg.png]
[ecsrates.gotquotes.com/images/switch-bg.png]
[ecsrates.gotquotes.com/images/mini-switch-bg.png]
[ecsrates.gotquotes.com/images/icons/fugue/information-ocre.png]
[ecsrates.gotquotes.com/images/icons/fugue/balloon.png]
[ecsrates.gotquotes.com/images/icons/fugue/cross-circle.png]
[ecsrates.gotquotes.com/images/icons/fugue/tick-circle.png]
[ecsrates.gotquotes.com/images/info-loader.gif]
[ecsrates.gotquotes.com/images/icons/fugue/cross-small.png]
[ecsrates.gotquotes.com/images/old-browsers-bg/tabs-bg.png]
[ecsrates.gotquotes.com/images/old-browsers-bg/mini-tabs-bg.png]
[ecsrates.gotquotes.com/images/old-browsers-bg/mini-tabs-tab-bg.png]
[ecsrates.gotquotes.com/images/old-browsers-bg/loading-tab-bg.png]
[ecsrates.gotquotes.com/images/old-browsers-bg/black50.png]
[ecsrates.gotquotes.com/images/mask-loader.gif]
[ecsrates.gotquotes.com/images/icons/web-app/32/Delete.png]
[ecsrates.gotquotes.com/images/old-browsers-bg/progress-bar-bg.png]
[ecsrates.gotquotes.com/images/old-browsers-bg/planning-bar-blue-bg.png]
[ecsrates.gotquotes.com/images/loading-stripes.gif]
[ecsrates.gotquotes.com/images/loading-stripes.png]
[ecsrates.gotquotes.com/images/old-browsers-bg/planning-bar-green-bg.png]
[ecsrates.gotquotes.com/images/old-browsers-bg/planning-bar-orange-bg.png]
[ecsrates.gotquotes.com/images/old-browsers-bg/planning-bar-purple-bg.png]
[ecsrates.gotquotes.com/css/common.css]
[ecsrates.gotquotes.com/images/icons/fugue/chevron-off.png]
[ecsrates.gotquotes.com/images/icons/fugue/chevron.png]
[ecsrates.gotquotes.com/images/icons/fugue/chevron-expand-off.png]
[ecsrates.gotquotes.com/images/icons/fugue/chevron-expand.png]
[ecsrates.gotquotes.com/images/old-browsers-bg/input-bg.png]
[ecsrates.gotquotes.com/images/icons/fugue/tick-circle-blue.png]
[ecsrates.gotquotes.com/images/icons/fugue/exclamation-diamond.png]
[ecsrates.gotquotes.com/css/form.css]
[ecsrates.gotquotes.com/images/bg.png]
[ecsrates.gotquotes.com/images/old-browsers-bg/server-status-bg.png]
[ecsrates.gotquotes.com/images/old-browsers-bg/main-nav-bg.png]
[ecsrates.gotquotes.com/images/old-browsers-bg/subnav-bt-border-bg.png]
[ecsrates.gotquotes.com/images/old-browsers-bg/subnav-current-bt-border-bg.png]
[ecsrates.gotquotes.com/images/old-browsers-bg/subnav-bt-bg.png]
[ecsrates.gotquotes.com/images/old-browsers-bg/subnav-bt-hover-border-bg.png]
[ecsrates.gotquotes.com/images/old-browsers-bg/subnav-bt-hover-bg.png]
[ecsrates.gotquotes.com/images/old-browsers-bg/subnav-bg.png]
[ecsrates.gotquotes.com/images/old-browsers-bg/status-bar-bg.png]
[ecsrates.gotquotes.com/images/old-browsers-bg/breadcrumb-bg.png]
[ecsrates.gotquotes.com/images/breadcrumb-sep.png]
[ecsrates.gotquotes.com/images/old-browsers-bg/status-bar-shadow.png]
[ecsrates.gotquotes.com/images/old-browsers-bg/search-more-shadow.png]
[ecsrates.gotquotes.com/images/search-more-arrow.png]
[ecsrates.gotquotes.com/images/search-more-arrow-hover.png]
[ecsrates.gotquotes.com/images/search-less-arrow.png]
[ecsrates.gotquotes.com/images/search-less-arrow-hover.png]
[ecsrates.gotquotes.com/images/old-browsers-bg/search-sep-bg.png]
[ecsrates.gotquotes.com/images/table-loader.gif]
[ecsrates.gotquotes.com/images/old-browsers-bg/control-bar-bg.png]
[ecsrates.gotquotes.com/images/old-browsers-bg/title-link-bg.png]
[ecsrates.gotquotes.com/images/old-browsers-bg/title-link-hover-bg.png]
[ecsrates.gotquotes.com/images/old-browsers-bg/action-tab-bg.png]
[ecsrates.gotquotes.com/images/old-browsers-bg/action-tab-hover-bg.png]
[ecsrates.gotquotes.com/images/old-browsers-bg/content-columns-sep-bg.png]
[ecsrates.gotquotes.com/images/menu-border.png]
[ecsrates.gotquotes.com/images/trans.png]
[ecsrates.gotquotes.com/images/menu-bg.png]
[ecsrates.gotquotes.com/images/menu-arrow.png]
[ecsrates.gotquotes.com/images/icons/fugue/address-book.png]
[ecsrates.gotquotes.com/images/icons/fugue/alarm-clock-blue.png]
[ecsrates.gotquotes.com/images/icons/fugue/application-blog.png]
[ecsrates.gotquotes.com/images/icons/fugue/application-terminal.png]
[ecsrates.gotquotes.com/images/icons/fugue/battery-full.png]
[ecsrates.gotquotes.com/images/icons/fugue/building.png]
[ecsrates.gotquotes.com/images/icons/fugue/calendar-day.png]
[ecsrates.gotquotes.com/images/icons/fugue/cards-address.png]
[ecsrates.gotquotes.com/images/icons/fugue/chart.png]
[ecsrates.gotquotes.com/images/icons/fugue/computer.png]
[ecsrates.gotquotes.com/images/icons/fugue/database.png]
[ecsrates.gotquotes.com/images/icons/fugue/document-excel.png]
[ecsrates.gotquotes.com/images/icons/fugue/document-pdf.png]
[ecsrates.gotquotes.com/images/icons/fugue/document-excel-csv.png]
[ecsrates.gotquotes.com/images/icons/fugue/document-image.png]
[ecsrates.gotquotes.com/images/icons/fugue/document-globe.png]
[ecsrates.gotquotes.com/images/icons/fugue/arrow-270.png]
[ecsrates.gotquotes.com/images/icons/fugue/pencil.png]
[ecsrates.gotquotes.com/images/icons/fugue/film.png]
[ecsrates.gotquotes.com/images/icons/fugue/hard-hat.png]
[ecsrates.gotquotes.com/images/icons/fugue/images.png]
[ecsrates.gotquotes.com/images/icons/fugue/mail.png]
[ecsrates.gotquotes.com/images/icons/fugue/monitor.png]
[ecsrates.gotquotes.com/images/icons/fugue/newspaper.png]
[ecsrates.gotquotes.com/images/icons/fugue/magnifier.png]
[ecsrates.gotquotes.com/images/icons/fugue/globe-network.png]
[ecsrates.gotquotes.com/images/icons/fugue/server.png]
[ecsrates.gotquotes.com/images/icons/fugue/application-export.png]
[ecsrates.gotquotes.com/images/icons/fugue/arrow-circle.png]
[ecsrates.gotquotes.com/images/icons/fugue/counter-reset.png]
[ecsrates.gotquotes.com/images/icons/fugue/arrow-090.png]
[ecsrates.gotquotes.com/images/main-menu-bg.png]
[ecsrates.gotquotes.com/images/h1-menu-bg.png]
[ecsrates.gotquotes.com/images/menu-arrow-white.png]
[ecsrates.gotquotes.com/images/old-browsers-bg/black80.png]
[ecsrates.gotquotes.com/images/arbo-loader.gif]
[ecsrates.gotquotes.com/css/standard-alt.css]
[ecsrates.gotquotes.com/css/960.gs.fluid.css]
[ecsrates.gotquotes.com/images/icons/fugue/control-000-small.png]
[ecsrates.gotquotes.com/images/icons/fugue/clock.png]
[ecsrates.gotquotes.com/images/icons/fugue/tags-label.png]
[ecsrates.gotquotes.com/images/icons/fugue/navigation-180.png]
[ecsrates.gotquotes.com/images/icons/fugue/navigation-180-white.png]
[ecsrates.gotquotes.com/images/icons/fugue/navigation.png]
[ecsrates.gotquotes.com/images/icons/fugue/navigation-000-white.png]
[ecsrates.gotquotes.com/images/arbo-points-v.gif]
[ecsrates.gotquotes.com/images/arbo-points-v-end.gif]
[ecsrates.gotquotes.com/images/arbo-points-h.gif]
[ecsrates.gotquotes.com/images/icons/toggle-small-sprite.png]
[ecsrates.gotquotes.com/images/arbo-loader-grey.gif]
[ecsrates.gotquotes.com/images/icons/fugue/document.png]
[ecsrates.gotquotes.com/images/icons/fugue/document-access.png]
[ecsrates.gotquotes.com/images/icons/fugue/document-binary.png]
[ecsrates.gotquotes.com/images/icons/fugue/document-bookmark.png]
[ecsrates.gotquotes.com/images/icons/fugue/document-code.png]
[ecsrates.gotquotes.com/images/icons/fugue/document-film.png]
[ecsrates.gotquotes.com/images/icons/fugue/document-flash-movie.png]
[ecsrates.gotquotes.com/images/icons/fugue/document-illustrator.png]
[ecsrates.gotquotes.com/images/icons/fugue/document-music.png]
[ecsrates.gotquotes.com/images/icons/fugue/document-office.png]
[ecsrates.gotquotes.com/images/icons/fugue/document-photoshop.png]
[ecsrates.gotquotes.com/images/icons/fugue/document-powerpoint.png]
[ecsrates.gotquotes.com/images/icons/fugue/document-text.png]
[ecsrates.gotquotes.com/images/icons/fugue/document-word.png]
[ecsrates.gotquotes.com/images/icons/fugue/document-zipper.png]
[ecsrates.gotquotes.com/images/icons/fugue/folder-open.png]
[ecsrates.gotquotes.com/images/icons/fugue/folder.png]
[ecsrates.gotquotes.com/images/icons/fugue/folder-bookmark.png]
[ecsrates.gotquotes.com/images/icons/fugue/folder-open-document.png]
[ecsrates.gotquotes.com/images/icons/fugue/folder-open-document-music.png]
[ecsrates.gotquotes.com/images/icons/fugue/folder-open-document-text.png]
[ecsrates.gotquotes.com/images/icons/fugue/folder-open-film.png]
[ecsrates.gotquotes.com/images/icons/fugue/folder-open-image.png]
[ecsrates.gotquotes.com/images/icons/fugue/folder-open-table.png]
[ecsrates.gotquotes.com/images/icons/fugue/folder-zipper.png]
[ecsrates.gotquotes.com/images/icons/web-app/24/Loading.png]
[ecsrates.gotquotes.com/images/icons/web-app/24/Picture.png]
[ecsrates.gotquotes.com/images/icons/web-app/24/Print.png]
[ecsrates.gotquotes.com/images/icons/web-app/24/Profile.png]
[ecsrates.gotquotes.com/images/icons/web-app/24/Search.png]
[ecsrates.gotquotes.com/images/icons/fugue/information-blue.png]
[ecsrates.gotquotes.com/images/icons/fugue/image.png]
[ecsrates.gotquotes.com/images/icons/fugue/arrow-curve-090.png]
[ecsrates.gotquotes.com/images/icons/fugue/arrow-curve-090-red.png]
[ecsrates.gotquotes.com/images/icons/fugue/tag-small.png]
[ecsrates.gotquotes.com/images/icons/fugue/document-small.png]
[ecsrates.gotquotes.com/images/icons/fugue/pin-small.png]
[ecsrates.gotquotes.com/images/icons/toggle-sprite.png]
[ecsrates.gotquotes.com/images/icons/fugue/users.png]
[ecsrates.gotquotes.com/images/old-browsers-bg/accordion-tab-bg.png]
[ecsrates.gotquotes.com/images/old-browsers-bg/accordion-content-bg.png]
[ecsrates.gotquotes.com/css/simple-lists.css]
[ecsrates.gotquotes.com/images/old-browsers-bg/favorites-bg.png]
[ecsrates.gotquotes.com/images/favorites-border.png]
[ecsrates.gotquotes.com/images/old-browsers-bg/grid-block-bg.png]
[ecsrates.gotquotes.com/images/icons/web-app/32/Profile.png]
[ecsrates.gotquotes.com/images/icons/web-app/32/Loading.png]
[ecsrates.gotquotes.com/images/icons/web-app/32/Pie-Chart.png]
[ecsrates.gotquotes.com/images/icons/web-app/32/Print.png]
[ecsrates.gotquotes.com/images/icons/web-app/32/Warning.png]
[ecsrates.gotquotes.com/images/old-browsers-bg/grid-block-controls-bg.png]
[ecsrates.gotquotes.com/images/old-browsers-bg/lite-grey-grad-bg.png]
[ecsrates.gotquotes.com/images/icons/fugue/balloon-reverse.png]
[ecsrates.gotquotes.com/images/corner.png]
[ecsrates.gotquotes.com/images/icons/finefiles/32/default.png]
[ecsrates.gotquotes.com/images/icons/finefiles/32/html.png]
[ecsrates.gotquotes.com/images/icons/finefiles/32/xml.png]
[ecsrates.gotquotes.com/images/icons/finefiles/32/other_image.png]
[ecsrates.gotquotes.com/images/icons/finefiles/32/other_music2.png]
[ecsrates.gotquotes.com/images/icons/finefiles/32/mpg.png]
[ecsrates.gotquotes.com/images/icons/finefiles/32/_Close.png]
[ecsrates.gotquotes.com/images/icons/email.png]
[ecsrates.gotquotes.com/images/icons/web-app/32/Comment.png]
[ecsrates.gotquotes.com/images/icons/web-app/48/Profile.png]
[ecsrates.gotquotes.com/images/icons/web-app/48/Picture.png]
[ecsrates.gotquotes.com/images/icons/web-app/48/Pie-Chart.png]
[ecsrates.gotquotes.com/images/icons/web-app/48/Print.png]
[ecsrates.gotquotes.com/images/icons/web-app/48/Loading.png]
[ecsrates.gotquotes.com/images/icons/web-app/48/Modify.png]
[ecsrates.gotquotes.com/images/icons/web-app/48/Comment.png]
[ecsrates.gotquotes.com/images/icons/web-app/48/Warning.png]
[ecsrates.gotquotes.com/css/block-lists.css]
[ecsrates.gotquotes.com/images/old-browsers-bg/planning-header-bg.png]
[ecsrates.gotquotes.com/images/old-browsers-bg/planning-bar-bg.png]
[ecsrates.gotquotes.com/images/zebras.png]
[ecsrates.gotquotes.com/css/planning.css]
[ecsrates.gotquotes.com/images/old-browsers-bg/tfoot-bg.png]
[ecsrates.gotquotes.com/images/old-browsers-bg/black-cell-bg.png]
[ecsrates.gotquotes.com/images/table-sort-arrows.png]
[ecsrates.gotquotes.com/css/table.css]
[ecsrates.gotquotes.com/images/old-browsers-bg/mini-calendar-head-bg.png]
[ecsrates.gotquotes.com/images/old-browsers-bg/mini-cal-bg.png]
[ecsrates.gotquotes.com/images/lite-grey-stripes.png]
[ecsrates.gotquotes.com/images/medium-grey-stripes.png]
[ecsrates.gotquotes.com/images/grey-stripes.png]
[ecsrates.gotquotes.com/images/blue-corner.png]
[ecsrates.gotquotes.com/images/grey-corner-left.png]
[ecsrates.gotquotes.com/images/red-corner.png]
[ecsrates.gotquotes.com/images/grey-corner-right.png]
[ecsrates.gotquotes.com/images/old-browsers-bg/nb-events-bg.png]
[ecsrates.gotquotes.com/images/old-browsers-bg/nb-events-other-bg.png]
[ecsrates.gotquotes.com/images/icons/add-mini.png]
[ecsrates.gotquotes.com/images/old-browsers-bg/medium-cal-bg.png]
[ecsrates.gotquotes.com/images/old-browsers-bg/calendar-bg.png]
[ecsrates.gotquotes.com/images/menu-open-arrow.png]
[ecsrates.gotquotes.com/images/old-browsers-bg/black10.png]
[ecsrates.gotquotes.com/images/old-browsers-bg/event-bg.png]
[ecsrates.gotquotes.com/images/old-browsers-bg/black05.png]
[ecsrates.gotquotes.com/images/dots.gif]
[ecsrates.gotquotes.com/css/calendars.css]
[ecsrates.gotquotes.com/images/wizard-head-effect.png]
[ecsrates.gotquotes.com/images/old-browsers-bg/number-bg.png]
[ecsrates.gotquotes.com/css/wizard.css]
[ecsrates.gotquotes.com/images/gallery-bt-prev.png]
[ecsrates.gotquotes.com/images/gallery-bt-next.png]
[ecsrates.gotquotes.com/css/gallery.css]
